
=== Dataset: rice ===
  Running EC3 HeterogeneousBootstrapEnsembleEC3...
    fold 1/10: acc=0.9239, f1=0.9215
    fold 2/10: acc=0.9449, f1=0.9439
    fold 3/10: acc=0.9370, f1=0.9361
    fold 4/10: acc=0.5722, f1=0.3639
    fold 5/10: acc=0.9108, f1=0.9084
    fold 6/10: acc=0.9265, f1=0.9248
    fold 7/10: acc=0.5696, f1=0.3629
    fold 8/10: acc=0.8845, f1=0.8796
    fold 9/10: acc=0.9265, f1=0.9249
    fold 10/10: acc=0.5722, f1=0.3639
  Running EC4 RF Error-Split variant...
    fold 1/10: acc=0.9318, f1=0.9300
    fold 2/10: acc=0.9318, f1=0.9302
    fold 3/10: acc=0.9291, f1=0.9277
    fold 4/10: acc=0.9423, f1=0.9406
    fold 5/10: acc=0.9160, f1=0.9139
    fold 6/10: acc=0.9265, f1=0.9252
    fold 7/10: acc=0.9239, f1=0.9226
    fold 8/10: acc=0.9108, f1=0.9084
    fold 9/10: acc=0.9213, f1=0.9196
    fold 10/10: acc=0.9396, f1=0.9381

=== Dataset: credit_approval ===
  Running EC3 HeterogeneousBootstrapEnsembleEC3...
    fold 1/10: acc=0.5000, f1=0.4309
    fold 2/10: acc=0.6970, f1=0.6663
    fold 3/10: acc=0.6667, f1=0.6054
    fold 4/10: acc=0.7231, f1=0.7198
    fold 5/10: acc=0.6923, f1=0.6795
    fold 6/10: acc=0.5385, f1=0.3500
    fold 7/10: acc=0.5538, f1=0.3564
    fold 8/10: acc=0.5692, f1=0.3933
    fold 9/10: acc=0.8154, f1=0.8077
    fold 10/10: acc=0.6308, f1=0.5221
  Running EC4 RF Error-Split variant...
    fold 1/10: acc=0.8788, f1=0.8783
    fold 2/10: acc=0.8485, f1=0.8483
    fold 3/10: acc=0.8636, f1=0.8628
    fold 4/10: acc=0.8769, f1=0.8755
    fold 5/10: acc=0.8000, f1=0.7992
    fold 6/10: acc=0.8462, f1=0.8431
    fold 7/10: acc=0.9385, f1=0.9377
    fold 8/10: acc=0.8154, f1=0.8153
    fold 9/10: acc=0.8000, f1=0.7952
    fold 10/10: acc=0.8615, f1=0.8582

=== Dataset: parkinsons ===
  Running EC3 HeterogeneousBootstrapEnsembleEC3...
    fold 1/10: acc=0.9000, f1=0.8438
    fold 2/10: acc=0.7500, f1=0.4286
    fold 3/10: acc=0.8500, f1=0.8119
    fold 4/10: acc=0.7500, f1=0.4286
    fold 5/10: acc=0.7500, f1=0.4286
    fold 6/10: acc=0.7895, f1=0.4412
    fold 7/10: acc=0.7895, f1=0.4412
    fold 8/10: acc=0.7368, f1=0.4242
    fold 9/10: acc=0.7368, f1=0.4242
    fold 10/10: acc=0.7368, f1=0.4242
  Running EC4 RF Error-Split variant...
    fold 1/10: acc=0.9500, f1=0.9283
    fold 2/10: acc=0.9500, f1=0.9283
    fold 3/10: acc=0.8500, f1=0.7849
    fold 4/10: acc=0.9000, f1=0.8438
    fold 5/10: acc=0.9500, f1=0.9283
    fold 6/10: acc=0.7895, f1=0.6833
    fold 7/10: acc=0.7895, f1=0.4412
    fold 8/10: acc=0.8421, f1=0.7373
    fold 9/10: acc=0.7895, f1=0.7286
    fold 10/10: acc=0.7895, f1=0.6042

=== Dataset: handwriting (sklearn digits) ===
  Running EC3 HeterogeneousBootstrapEnsembleEC3...
    fold 1/10: acc=0.5056, f1=0.4522
    fold 2/10: acc=0.5500, f1=0.4996
    fold 3/10: acc=0.2556, f1=0.1647
    fold 4/10: acc=0.2778, f1=0.2522
    fold 5/10: acc=0.5611, f1=0.5221
    fold 6/10: acc=0.3944, f1=0.3127
    fold 7/10: acc=0.2611, f1=0.2158
    fold 8/10: acc=0.2514, f1=0.1904
    fold 9/10: acc=0.6648, f1=0.6183
    fold 10/10: acc=0.5531, f1=0.5102
  Running EC4 RF Error-Split variant...
    fold 1/10: acc=0.9611, f1=0.9607
    fold 2/10: acc=0.9333, f1=0.9330
    fold 3/10: acc=0.9667, f1=0.9660
    fold 4/10: acc=0.9778, f1=0.9776
    fold 5/10: acc=0.9556, f1=0.9555
    fold 6/10: acc=0.9611, f1=0.9612
    fold 7/10: acc=0.9778, f1=0.9777
    fold 8/10: acc=0.9609, f1=0.9609
    fold 9/10: acc=0.9777, f1=0.9777
    fold 10/10: acc=0.9609, f1=0.9600

Saved results to: /Users/ashwinsayenju/Documents/ml_final/extra_credit/table_results_ec3_ec4_10fold.csv
           rice | ec3_heterogeneous_ensemble        | acc=0.7412±0.1906 | f1=0.6935±0.2516
           rice | ec4_rf_error_split                | acc=0.9273±0.0093 | f1=0.9256±0.0095
credit_approval | ec3_heterogeneous_ensemble        | acc=0.6387±0.0931 | f1=0.5531±0.1567
credit_approval | ec4_rf_error_split                | acc=0.8529±0.0398 | f1=0.8514±0.0402
     parkinsons | ec3_heterogeneous_ensemble        | acc=0.7789±0.0527 | f1=0.5096±0.1594
     parkinsons | ec4_rf_error_split                | acc=0.8600±0.0680 | f1=0.7608±0.1503
    handwriting | ec3_heterogeneous_ensemble        | acc=0.4275±0.1493 | f1=0.3738±0.1560
    handwriting | ec4_rf_error_split                | acc=0.9633±0.0127 | f1=0.9630±0.0128
